<div>
  <p><a href="/link">link</a>&nbsp;<code>foo</code></p>
</div>
